// Jest Snapshot v1, https://goo.gl/fbAQLP

exports[`<SearchTask /> should render the SearchTask component in screen 1`] = `
.c0 {
  width: 100%;
  height: 44px;
  padding-right: 1rem;
  border-radius: 5px;
  background-color: #fff;
  display: flex;
  align-items: center;
  justify-content: space-between;
  border: 1px solid #383838;
}

.c2 {
  border: none;
  outline: none;
  background-color: transparent;
  cursor: pointer;
}

.c1 {
  width: 100%;
  height: 42px;
  padding: 0 1rem;
  background-color: #fff;
  outline: none;
  border: none;
  font-size: 1.6rem;
  border-radius: 5px;
}

<form
  action=""
  class="c0"
>
  <input
    class="c1"
    data-testid="searchValue"
    name="searchValue"
  />
  <button
    class="c2"
    type="submit"
  >
    <img
      alt=""
      height="20"
      src="/img/search.svg"
      width="20"
    />
  </button>
</form>
`;
